
/Users/boutell/src/apostrophe/lib/modules/apostrophe-admin-bar/index.js
   88:13  error  'permissions' is assigned a value but never used. Allowed unused vars must match /apos/  no-unused-vars
   98:9   error  'groupedItems' is not defined                                                            no-undef
  120:13  error  'groupedItems' is not defined                                                            no-undef
  122:13  error  'groupedItems' is not defined                                                            no-undef
  125:50  error  'groupedItems' is not defined                                                            no-undef
  177:13  error  'first' is assigned a value but never used. Allowed unused vars must match /apos/        no-unused-vars

/Users/boutell/src/apostrophe/lib/modules/apostrophe-any-page-manager/index.js
  6:5  error  '_' is assigned a value but never used. Allowed unused vars must match /apos/  no-unused-vars

/Users/boutell/src/apostrophe/lib/modules/apostrophe-areas/index.js
  8:5  error  '_' is assigned a value but never used. Allowed unused vars must match /apos/      no-unused-vars
  9:5  error  'async' is assigned a value but never used. Allowed unused vars must match /apos/  no-unused-vars

/Users/boutell/src/apostrophe/lib/modules/apostrophe-areas/lib/api.js
  154:13  error  'doc' is not defined                                                    no-undef
  171:31  error  'doc' is not defined                                                    no-undef
  177:33  error  'doc' is not defined                                                    no-undef
  186:14  error  'doc' is not defined                                                    no-undef
  190:43  error  'doc' is not defined                                                    no-undef
  218:9   error  'doc' is defined but never used. Allowed unused vars must match /apos/  no-unused-vars
  222:29  error  Unnecessary escape character: \.                                        no-useless-escape
  440:36  error  'item' is not defined                                                   no-undef
  504:15  error  'action' is already defined                                             no-redeclare
  511:15  error  'action' is already defined                                             no-redeclare

/Users/boutell/src/apostrophe/lib/modules/apostrophe-areas/lib/protectedApi.js
  1:5  error  'async' is assigned a value but never used. Allowed unused vars must match /apos/  no-unused-vars

/Users/boutell/src/apostrophe/lib/modules/apostrophe-areas/lib/routes.js
    1:5   error  '_' is assigned a value but never used. Allowed unused vars must match /apos/  no-unused-vars
  181:11  error  'html' is not defined                                                          no-undef
  189:23  error  'html' is not defined                                                          no-undef

/Users/boutell/src/apostrophe/lib/modules/apostrophe-areas/public/js/beforeCkeditor.js
  4:5  error  'CKEDITOR_BASEPATH' is assigned a value but never used. Allowed unused vars must match /apos/  no-unused-vars

/Users/boutell/src/apostrophe/lib/modules/apostrophe-areas/public/js/ckeditorPlugins/split/plugin.js
  1:1   error  'CKEDITOR' is not defined                                    no-undef
  5:36  error  'CKEDITOR' is not defined                                    no-undef
  5:45  error  A constructor name should not start with a lowercase letter  new-cap

/Users/boutell/src/apostrophe/lib/modules/apostrophe-areas/public/js/editor.js
  227:7   error  '$controls' is not defined                                                           no-undef
  228:30  error  Expected '===' and instead saw '=='                                                  eqeqeq
  229:9   error  '$controls' is not defined                                                           no-undef
  598:15  error  'alert' is not defined                                                               no-undef
  634:11  error  'count' is assigned a value but never used. Allowed unused vars must match /apos/    no-unused-vars
  663:13  error  '$widget' is assigned a value but never used. Allowed unused vars must match /apos/  no-unused-vars

/Users/boutell/src/apostrophe/lib/modules/apostrophe-areas/public/js/splitHtml.js
   13:24  error  'jQuery' is not defined  no-undef
   14:19  error  'jQuery' is not defined  no-undef
   18:20  error  'jQuery' is not defined  no-undef
  113:7   error  'second' is not defined  no-undef
  121:22  error  'second' is not defined  no-undef

/Users/boutell/src/apostrophe/lib/modules/apostrophe-areas/public/js/user.js
    8:8   error  Expected error to be handled  handle-callback-err
   96:7   error  'CKEDITOR' is not defined     no-undef
  100:7   error  'CKEDITOR' is not defined     no-undef
  104:7   error  'CKEDITOR' is not defined     no-undef
  108:7   error  'CKEDITOR' is not defined     no-undef
  150:11  error  '$self' is not defined        no-undef
  151:15  error  '$self' is not defined        no-undef
  152:13  error  '$self' is not defined        no-undef
  153:13  error  '$self' is not defined        no-undef
  154:22  error  '$self' is not defined        no-undef
  155:13  error  '$self' is not defined        no-undef
  156:13  error  '$self' is not defined        no-undef
  163:11  error  '$self' is not defined        no-undef
  164:11  error  '$self' is not defined        no-undef
  165:11  error  '$self' is not defined        no-undef
  166:15  error  '$self' is not defined        no-undef
  167:13  error  '$self' is not defined        no-undef
  168:22  error  '$self' is not defined        no-undef
  169:13  error  '$self' is not defined        no-undef

/Users/boutell/src/apostrophe/lib/modules/apostrophe-assets/index.js
    45:5   error  'moment' is assigned a value but never used. Allowed unused vars must match /apos/                                                                      no-unused-vars
   333:13  error  'generations' is not defined                                                                                                                            no-undef
   339:32  error  'generations' is not defined                                                                                                                            no-undef
   340:35  error  'generations' is not defined                                                                                                                            no-undef
   622:13  error  'stat' is assigned a value but never used. Allowed unused vars must match /apos/                                                                        no-unused-vars
   647:13  error  'stat' is already defined                                                                                                                               no-redeclare
   693:22  error  'new Buffer()' was deprecated since v6. Use 'Buffer.alloc()' or 'Buffer.from()' (use 'https://www.npmjs.com/package/safe-buffer' for '<4.5.0') instead  node/no-deprecated-api
   716:11  error  'oldCopies' is assigned a value but never used. Allowed unused vars must match /apos/                                                                   no-unused-vars
  1010:11  error  'result' is defined but never used. Allowed unused vars must match /apos/                                                                               no-unused-vars
  1113:11  error  'i' is defined but never used. Allowed unused vars must match /apos/                                                                                    no-unused-vars
  1129:11  error  'i' is defined but never used. Allowed unused vars must match /apos/                                                                                    no-unused-vars
  1143:36  error  Expected error to be handled                                                                                                                            handle-callback-err
  1248:31  error  Unnecessary escape character: \"                                                                                                                        no-useless-escape
  1248:38  error  Unnecessary escape character: \"                                                                                                                        no-useless-escape
  1254:31  error  Unnecessary escape character: \'                                                                                                                        no-useless-escape
  1254:38  error  Unnecessary escape character: \'                                                                                                                        no-useless-escape

/Users/boutell/src/apostrophe/lib/modules/apostrophe-assets/public/js/always.js
   3:11  error  'alert' is defined but never used. Allowed unused vars must match /apos/   no-unused-vars
   3:18  error  'prompt' is defined but never used. Allowed unused vars must match /apos/  no-unused-vars
   5:14  error  'moog' is not defined                                                      no-undef
  89:9   error  'object' is defined but never used. Allowed unused vars must match /apos/  no-unused-vars

/Users/boutell/src/apostrophe/lib/modules/apostrophe-assets/public/js/user.js
  3:11  error  'alert' is defined but never used. Allowed unused vars must match /apos/   no-unused-vars
  3:18  error  'prompt' is defined but never used. Allowed unused vars must match /apos/  no-unused-vars

/Users/boutell/src/apostrophe/lib/modules/apostrophe-attachments/lib/api.js
    3:5   error  'crypto' is assigned a value but never used. Allowed unused vars must match /apos/      no-unused-vars
  131:22  error  Unexpected mix of '||' and '&&'                                                         no-mixed-operators
  131:33  error  Unexpected mix of '||' and '&&'                                                         no-mixed-operators
  163:8   error  Expected error to be handled                                                            handle-callback-err
  242:9   error  'targetPath' is assigned a value but never used. Allowed unused vars must match /apos/  no-unused-vars
  586:16  error  'needed' is already defined                                                             no-redeclare
  633:11  error  'parsed' is assigned a value but never used. Allowed unused vars must match /apos/      no-unused-vars
  637:16  error  'needed' is already defined                                                             no-redeclare

/Users/boutell/src/apostrophe/lib/modules/apostrophe-attachments/lib/routes.js
  44:14  error  'fail' is not defined        no-undef
  51:16  error  Expected consistent spacing  standard/object-curly-even-spacing

/Users/boutell/src/apostrophe/lib/modules/apostrophe-attachments/lib/schemaField.js
  92:9  error  'extensions' is already defined  no-redeclare

/Users/boutell/src/apostrophe/lib/modules/apostrophe-attachments/public/js/cropEditor.js
  100:51  error  Irregular whitespace not allowed  no-irregular-whitespace

/Users/boutell/src/apostrophe/lib/modules/apostrophe-browser-utils/public/js/always.js
  123:44  error  Unnecessary escape character: \/  no-useless-escape
  171:14  error  'sluggo' is not defined           no-undef

/Users/boutell/src/apostrophe/lib/modules/apostrophe-caches/index.js
    9:5   error  '_' is assigned a value but never used. Allowed unused vars must match /apos/  no-unused-vars
  195:51  error  Expected error to be handled                                                   handle-callback-err

/Users/boutell/src/apostrophe/lib/modules/apostrophe-custom-pages/index.js
  36:62  error  Unnecessary escape character: \-  no-useless-escape

/Users/boutell/src/apostrophe/lib/modules/apostrophe-custom-pages/lib/dispatch.js
  60:9  error  'rule' is defined but never used. Allowed unused vars must match /apos/    no-unused-vars
  61:9  error  'params' is defined but never used. Allowed unused vars must match /apos/  no-unused-vars

/Users/boutell/src/apostrophe/lib/modules/apostrophe-db/index.js
  114:50  error  Expected error to be handled  handle-callback-err
  159:9   error  'collections' is not defined  no-undef
  162:33  error  'collections' is not defined  no-undef

/Users/boutell/src/apostrophe/lib/modules/apostrophe-doc-type-manager/lib/api.js
  199:9  error  'criteria' is assigned a value but never used. Allowed unused vars must match /apos/  no-unused-vars
  201:9  error  'type' is assigned a value but never used. Allowed unused vars must match /apos/      no-unused-vars

/Users/boutell/src/apostrophe/lib/modules/apostrophe-doc-type-manager/public/js/chooser.js
  187:10  error  Expected error to be handled  handle-callback-err

/Users/boutell/src/apostrophe/lib/modules/apostrophe-docs/index.js
  33:5  error  '_' is assigned a value but never used. Allowed unused vars must match /apos/  no-unused-vars

/Users/boutell/src/apostrophe/lib/modules/apostrophe-docs/lib/api.js
  275:9  error  'admin' is assigned a value but never used. Allowed unused vars must match /apos/  no-unused-vars
  690:9  error  'criteria' is defined but never used. Allowed unused vars must match /apos/        no-unused-vars
  859:9  error  Unreachable code                                                                   no-unreachable

/Users/boutell/src/apostrophe/lib/modules/apostrophe-docs/lib/autocomplete.js
  21:9   error  'autocomplete' is already defined  no-redeclare
  67:11  error  'results' is already defined       no-redeclare

/Users/boutell/src/apostrophe/lib/modules/apostrophe-docs/lib/cursor.js
    54:5   error  'util' is assigned a value but never used. Allowed unused vars must match /apos/   no-unused-vars
   253:9   error  Split initialized 'var' declarations into multiple statements                      one-var
   255:15  error  'field' is defined but never used. Allowed unused vars must match /apos/           no-unused-vars
   343:9   error  'schema' is not defined                                                            no-undef
   344:9   error  'field' is not defined                                                             no-undef
   344:24  error  'schema' is not defined                                                            no-undef
   345:13  error  'field' is not defined                                                             no-undef
   346:15  error  'field' is not defined                                                             no-undef
   348:30  error  'field' is not defined                                                             no-undef
   350:22  error  'field' is not defined                                                             no-undef
   352:30  error  'field' is not defined                                                             no-undef
   478:15  error  'page' is assigned a value but never used. Allowed unused vars must match /apos/   no-unused-vars
   518:49  error  Unnecessary escape character: \-                                                   no-useless-escape
   521:15  error  'p' is assigned a value but never used. Allowed unused vars must match /apos/      no-unused-vars
   749:13  error  'property' is already defined                                                      no-redeclare
   761:20  error  'property' was used before it was defined                                          no-use-before-define
   781:14  error  'i' is not defined                                                                 no-undef
   781:22  error  'i' is not defined                                                                 no-undef
   781:40  error  'i' is not defined                                                                 no-undef
   782:19  error  'i' is not defined                                                                 no-undef
   782:29  error  'i' is not defined                                                                 no-undef
  1124:19  error  'limit' is assigned a value but never used. Allowed unused vars must match /apos/  no-unused-vars
  1189:17  error  'util' is assigned a value but never used. Allowed unused vars must match /apos/   no-unused-vars
  1412:15  error  'clause' is already defined                                                        no-redeclare

/Users/boutell/src/apostrophe/lib/modules/apostrophe-docs/public/js/user.js
  106:15  error  'alert' is not defined  no-undef

/Users/boutell/src/apostrophe/lib/modules/apostrophe-global/index.js
    1:5   error  '_' is assigned a value but never used. Allowed unused vars must match /apos/  no-unused-vars
  165:37  error  Expected error to be handled                                                   handle-callback-err

/Users/boutell/src/apostrophe/lib/modules/apostrophe-images/lib/api.js
  1:5  error  'async' is assigned a value but never used. Allowed unused vars must match /apos/  no-unused-vars

/Users/boutell/src/apostrophe/lib/modules/apostrophe-images/public/js/focal-point-editor.js
  27:11  error  'alert' is not defined  no-undef
  54:11  error  'alert' is not defined  no-undef

/Users/boutell/src/apostrophe/lib/modules/apostrophe-jobs/index.js
  27:5  error  '_' is assigned a value but never used. Allowed unused vars must match /apos/      no-unused-vars
  28:5  error  'async' is assigned a value but never used. Allowed unused vars must match /apos/  no-unused-vars

/Users/boutell/src/apostrophe/lib/modules/apostrophe-jobs/lib/api.js
   66:9   error  'query' is defined but never used. Allowed unused vars must match /apos/  no-unused-vars
   69:9   error  'data' is defined but never used. Allowed unused vars must match /apos/   no-unused-vars
   74:7   error  'ids' is not defined                                                      no-undef
   76:7   error  'ids' is not defined                                                      no-undef
  134:28  error  'ids' is not defined                                                      no-undef
  145:31  error  'ids' is not defined                                                      no-undef
  158:26  error  'piece' is not defined                                                    no-undef
  168:22  error  'piece' is not defined                                                    no-undef
  411:9   error  'n' is already defined                                                    no-redeclare
  437:9   error  'n' is already defined                                                    no-redeclare

/Users/boutell/src/apostrophe/lib/modules/apostrophe-jobs/lib/routes.js
  21:44  error  Expected error to be handled  handle-callback-err

/Users/boutell/src/apostrophe/lib/modules/apostrophe-jobs/public/js/modal.js
  76:10  error  Expected error to be handled  handle-callback-err

/Users/boutell/src/apostrophe/lib/modules/apostrophe-locks/index.js
   71:11  error  'when' is not defined  no-undef
   97:49  error  'when' is not defined  no-undef
  109:21  error  'when' is not defined  no-undef

/Users/boutell/src/apostrophe/lib/modules/apostrophe-login/index.js
  142:33  error  Unnecessary escape character: \-  no-useless-escape
  287:56  error  Expected error to be handled      handle-callback-err

/Users/boutell/src/apostrophe/lib/modules/apostrophe-module/index.js
   19:5   error  'moment' is assigned a value but never used. Allowed unused vars must match /apos/       no-unused-vars
   44:9   error  'i' is defined but never used. Allowed unused vars must match /apos/                     no-unused-vars
  481:13  error  'synthesized' is assigned a value but never used. Allowed unused vars must match /apos/  no-unused-vars

/Users/boutell/src/apostrophe/lib/modules/apostrophe-notifications/public/js/user.js
  25:11  error  'result' is defined but never used. Allowed unused vars must match /apos/  no-unused-vars
  37:11  error  Unreachable code                                                           no-unreachable

/Users/boutell/src/apostrophe/lib/modules/apostrophe-oembed/index.js
  22:5  error  'async' is assigned a value but never used. Allowed unused vars must match /apos/    no-unused-vars
  23:5  error  'request' is assigned a value but never used. Allowed unused vars must match /apos/  no-unused-vars
  24:5  error  'cheerio' is assigned a value but never used. Allowed unused vars must match /apos/  no-unused-vars

/Users/boutell/src/apostrophe/lib/modules/apostrophe-oembed/lib/api.js
  82:31  error  Unnecessary escape character: \:  no-useless-escape
  83:39  error  Unnecessary escape character: \:  no-useless-escape

/Users/boutell/src/apostrophe/lib/modules/apostrophe-oembed/lib/infogram.js
  10:45  error  Unnecessary escape character: \?  no-useless-escape
  16:12  error  'request' is not defined          no-undef
  20:15  error  'cheerio' is not defined          no-undef

/Users/boutell/src/apostrophe/lib/modules/apostrophe-oembed/lib/wufoo.js
  13:65  error  Unnecessary escape character: \-  no-useless-escape
  13:70  error  Unnecessary escape character: \-  no-useless-escape
  21:37  error  Unnecessary escape character: \"  no-useless-escape
  21:46  error  Unnecessary escape character: \:  no-useless-escape
  21:82  error  Unnecessary escape character: \"  no-useless-escape
  54:8   error  Expected error to be handled      handle-callback-err

/Users/boutell/src/apostrophe/lib/modules/apostrophe-oembed/lib/youtube.js
   1:5   error  'async' is assigned a value but never used. Allowed unused vars must match /apos/  no-unused-vars
  26:38  error  Expected error to be handled                                                       handle-callback-err

/Users/boutell/src/apostrophe/lib/modules/apostrophe-pages/index.js
  191:5  error  '_' is assigned a value but never used. Allowed unused vars must match /apos/  no-unused-vars

/Users/boutell/src/apostrophe/lib/modules/apostrophe-pages/lib/api.js
   410:7   error  Split initialized 'var' declarations into multiple statements                      one-var
   423:21  error  Expected error to be handled                                                       handle-callback-err
   451:21  error  Expected error to be handled                                                       handle-callback-err
   898:9   error  'pages' is assigned a value but never used. Allowed unused vars must match /apos/  no-unused-vars
   909:9   error  '__' is assigned a value but never used. Allowed unused vars must match /apos/     no-unused-vars
  1004:51  error  Expected error to be handled                                                       handle-callback-err
  1035:7   error  'res' is not defined                                                               no-undef
  1043:7   error  'res' is not defined                                                               no-undef
  1103:46  error  'type' is not defined                                                              no-undef
  1139:14  error  'res' is not defined                                                               no-undef
  1455:9   error  'orphans' is defined but never used. Allowed unused vars must match /apos/         no-unused-vars
  1772:28  error  Unexpected mix of '||' and '&&'                                                    no-mixed-operators
  1772:46  error  Unexpected mix of '||' and '&&'                                                    no-mixed-operators

/Users/boutell/src/apostrophe/lib/modules/apostrophe-pages/lib/routes.js
  132:9   error  'slug' is defined but never used. Allowed unused vars must match /apos/  no-unused-vars
  310:13  error  Expected an assignment or function call and instead saw an expression    no-unused-expressions
  310:13  error  Unreachable code                                                         no-unreachable
  365:25  error  Expected consistent spacing                                              standard/object-curly-even-spacing

/Users/boutell/src/apostrophe/lib/modules/apostrophe-pages/public/js/editor.js
  137:37  error  Expected error to be handled  handle-callback-err

/Users/boutell/src/apostrophe/lib/modules/apostrophe-permissions/lib/api.js
  2:5   error  'async' is assigned a value but never used. Allowed unused vars must match /apos/  no-unused-vars
  6:33  error  Unnecessary escape character: \-                                                   no-useless-escape
  6:38  error  Unnecessary escape character: \-                                                   no-useless-escape

/Users/boutell/src/apostrophe/lib/modules/apostrophe-permissions/lib/strategiesApi.js
  35:13  error  'clauses' is assigned a value but never used. Allowed unused vars must match /apos/  no-unused-vars

/Users/boutell/src/apostrophe/lib/modules/apostrophe-pieces-pages/index.js
   44:88  error  Unnecessary escape character: \-                                                   no-useless-escape
  156:66  error  Expected error to be handled                                                       handle-callback-err
  422:10  error  Expected error to be handled                                                       handle-callback-err
  473:13  error  'value' is assigned a value but never used. Allowed unused vars must match /apos/  no-unused-vars

/Users/boutell/src/apostrophe/lib/modules/apostrophe-pieces-widgets/index.js
  25:83  error  Unnecessary escape character: \-  no-useless-escape

/Users/boutell/src/apostrophe/lib/modules/apostrophe-pieces/lib/routes.js
   77:11  error  'view' is not defined  no-undef
   79:11  error  'view' is not defined  no-undef
   81:39  error  'view' is not defined  no-undef
   83:71  error  'view' is not defined  no-undef
  377:6   error  Unreachable code       no-unreachable

/Users/boutell/src/apostrophe/lib/modules/apostrophe-pieces/public/js/editor-modal.js
  147:28  error  Expected error to be handled  handle-callback-err
  228:23  error  'err' is not defined          no-undef

/Users/boutell/src/apostrophe/lib/modules/apostrophe-pieces/public/js/manager-modal.js
  65:11  error  'filterFields' is assigned a value but never used. Allowed unused vars must match /apos/  no-unused-vars

/Users/boutell/src/apostrophe/lib/modules/apostrophe-push/index.js
  150:34  error  Unnecessary escape character: \-  no-useless-escape
  151:15  error  'baseName' is already defined     no-redeclare
  151:49  error  Unnecessary escape character: \-  no-useless-escape
  207:51  error  Unnecessary escape character: \?  no-useless-escape
  207:53  error  Unnecessary escape character: \@  no-useless-escape

/Users/boutell/src/apostrophe/lib/modules/apostrophe-rich-text-widgets/public/js/always.js
  16:24  error  'CKEDITOR' is not defined  no-undef

/Users/boutell/src/apostrophe/lib/modules/apostrophe-rich-text-widgets/public/js/editor.js
  53:15  error  'plugin' is already defined  no-redeclare
  53:24  error  'CKEDITOR' is not defined    no-undef
  55:13  error  'CKEDITOR' is not defined    no-undef
  87:31  error  'CKEDITOR' is not defined    no-undef

/Users/boutell/src/apostrophe/lib/modules/apostrophe-rich-text-widgets/public/js/user.js
  12:25  error  Expected error to be handled  handle-callback-err
  22:16  error  'succeed' is not defined      no-undef

/Users/boutell/src/apostrophe/lib/modules/apostrophe-schemas/index.js
   251:85  error  Expected '===' and instead saw '=='                                                 eqeqeq
   297:25  error  Expected '===' and instead saw '=='                                                 eqeqeq
   316:27  error  Expected '===' and instead saw '=='                                                 eqeqeq
   341:9   error  'groups' is not defined                                                             no-undef
   344:16  error  'groups' is not defined                                                             no-undef
   351:9   error  'groups' is not defined                                                             no-undef
   351:27  error  'groups' is not defined                                                             no-undef
   355:16  error  'groups' is not defined                                                             no-undef
   396:22  error  'name' is not defined                                                               no-undef
  1050:17  error  'tags' is already defined                                                           no-redeclare
  1105:19  error  'criteria' is already defined                                                       no-redeclare
  1301:19  error  'value' is already defined                                                          no-redeclare
  1346:21  error  'criteria' is already defined                                                       no-redeclare
  1380:21  error  'criteria' is already defined                                                       no-redeclare
  1450:21  error  'criteria' is already defined                                                       no-redeclare
  1703:15  error  'forwardJoin' is already defined                                                    no-redeclare
  1973:11  error  'suffix' is already defined                                                         no-redeclare
  2084:15  error  'schema' is assigned a value but never used. Allowed unused vars must match /apos/  no-unused-vars

/Users/boutell/src/apostrophe/lib/modules/apostrophe-schemas/public/js/array-modal.js
  242:17  error  'item' is assigned a value but never used. Allowed unused vars must match /apos/  no-unused-vars
  335:10  error  Expected error to be handled                                                      handle-callback-err

/Users/boutell/src/apostrophe/lib/modules/apostrophe-schemas/public/js/user.js
   138:29   error  Unnecessary escape character: \-                                                       no-useless-escape
   418:127  error  Expected consistent spacing                                                            standard/array-bracket-even-spacing
   460:44   error  Unnecessary escape character: \/                                                       no-useless-escape
   621:24   error  Expected '===' and instead saw '=='                                                    eqeqeq
   628:24   error  Expected '===' and instead saw '=='                                                    eqeqeq
   660:13   error  'manager' is defined but never used. Allowed unused vars must match /apos/             no-unused-vars
   694:13   error  'manager' is defined but never used. Allowed unused vars must match /apos/             no-unused-vars
   740:13   error  'manager' is defined but never used. Allowed unused vars must match /apos/             no-unused-vars
   809:13   error  '$fieldset' is assigned a value but never used. Allowed unused vars must match /apos/  no-unused-vars
   810:13   error  'err' is already defined                                                               no-redeclare
   815:13   error  '$fieldset' is already defined                                                         no-redeclare
   816:13   error  'err' is already defined                                                               no-redeclare
   986:15   error  '$fieldset' is assigned a value but never used. Allowed unused vars must match /apos/  no-unused-vars
   990:15   error  '$fieldset' is already defined                                                         no-redeclare
  1009:15   error  '$fieldset' is assigned a value but never used. Allowed unused vars must match /apos/  no-unused-vars
  1013:15   error  '$fieldset' is already defined                                                         no-redeclare

/Users/boutell/src/apostrophe/lib/modules/apostrophe-search/index.js
   90:13  error  'found' is assigned a value but never used. Allowed unused vars must match /apos/  no-unused-vars
  210:8   error  Unreachable code                                                                   no-unreachable
  234:11  error  'page' is defined but never used. Allowed unused vars must match /apos/            no-unused-vars
  235:11  error  'prior' is defined but never used. Allowed unused vars must match /apos/           no-unused-vars

/Users/boutell/src/apostrophe/lib/modules/apostrophe-search/lib/browser.js
  1:5  error  '_' is assigned a value but never used. Allowed unused vars must match /apos/  no-unused-vars

/Users/boutell/src/apostrophe/lib/modules/apostrophe-search/public/js/always.js
  6:19  error  Expected '===' and instead saw '=='  eqeqeq

/Users/boutell/src/apostrophe/lib/modules/apostrophe-service-bridge/index.js
  6:5  error  'async' is assigned a value but never used. Allowed unused vars must match /apos/  no-unused-vars

/Users/boutell/src/apostrophe/lib/modules/apostrophe-tags/lib/api.js
   90:13  error  'piece' is not defined  no-undef
   96:14  error  'piece' is not defined  no-undef
   99:9   error  'piece' is not defined  no-undef
  100:9   error  'piece' is not defined  no-undef
  101:40  error  'piece' is not defined  no-undef

/Users/boutell/src/apostrophe/lib/modules/apostrophe-tags/lib/routes.js
  149:16  error  'callback' is not defined  no-undef

/Users/boutell/src/apostrophe/lib/modules/apostrophe-tasks/index.js
   66:29  error  'callback' is not defined         no-undef
   93:11  error  'task' is already defined         no-redeclare
  112:43  error  Unnecessary escape character: \:  no-useless-escape

/Users/boutell/src/apostrophe/lib/modules/apostrophe-templates/index.js
  222:29  error  Unnecessary escape character: \!  no-useless-escape
  222:31  error  Unnecessary escape character: \-  no-useless-escape
  222:33  error  Unnecessary escape character: \-  no-useless-escape
  223:37  error  Unnecessary escape character: \>  no-useless-escape
  276:33  error  Unexpected mix of '&&' and '||'   no-mixed-operators
  276:58  error  Unexpected mix of '&&' and '||'   no-mixed-operators
  625:11  error  'decorate' is already defined     no-redeclare
  667:11  error  'content' is not defined          no-undef
  669:11  error  'content' is not defined          no-undef
  678:14  error  'content' is not defined          no-undef

/Users/boutell/src/apostrophe/lib/modules/apostrophe-templates/lib/nunjucksLoader.js
   87:9   error  'matches' is already defined      no-redeclare
  103:38  error  Unnecessary escape character: \/  no-useless-escape
  103:40  error  Unnecessary escape character: \.  no-useless-escape
  120:42  error  Unnecessary escape character: \/  no-useless-escape
  120:44  error  Unnecessary escape character: \.  no-useless-escape
  123:15  error  'src' is already defined          no-redeclare

/Users/boutell/src/apostrophe/lib/modules/apostrophe-ui/public/js/context.js
   70:40  error  Unnecessary escape character: \:                                               no-useless-escape
  114:40  error  Unnecessary escape character: \:                                               no-useless-escape
  115:11  error  'moduleName' is defined but never used. Allowed unused vars must match /apos/  no-unused-vars

/Users/boutell/src/apostrophe/lib/modules/apostrophe-ui/public/js/ui.js
  112:36  error  Unnecessary escape character: \#   no-useless-escape
  112:43  error  Unnecessary escape character: \-   no-useless-escape
  260:7   error  Do not use 'new' for side effects  no-new
  260:11  error  'Pikaday' is not defined           no-undef
  277:14  error  'moment' is not defined            no-undef
  444:23  error  Unnecessary escape character: \?   no-useless-escape
  444:25  error  Unnecessary escape character: \&   no-useless-escape
  452:23  error  Unnecessary escape character: \?   no-useless-escape
  452:25  error  Unnecessary escape character: \&   no-useless-escape
  464:28  error  Unnecessary escape character: \&   no-useless-escape
  576:51  error  Unnecessary escape character: \?   no-useless-escape
  576:53  error  Unnecessary escape character: \#   no-useless-escape
  577:56  error  Unnecessary escape character: \?   no-useless-escape
  577:58  error  Unnecessary escape character: \#   no-useless-escape
  585:22  error  Expected error to be handled       handle-callback-err
  694:17  error  '$nodeOld' is already defined      no-redeclare

/Users/boutell/src/apostrophe/lib/modules/apostrophe-urls/index.js
   81:38  error  Unnecessary escape character: \#                                             no-useless-escape
  103:11  error  'existing' is defined but never used. Allowed unused vars must match /apos/  no-unused-vars

/Users/boutell/src/apostrophe/lib/modules/apostrophe-utils/lib/api.js
   55:18   error  Unnecessary escape character: \W                               no-useless-escape
   55:21   error  Unnecessary escape character: \w                               no-useless-escape
   58:5    error  Split initialized 'var' declarations into multiple statements  one-var
   91:20   error  Unnecessary escape character: \&                               no-useless-escape
   91:66   error  Unnecessary escape character: \>                               no-useless-escape
   93:22   error  Unnecessary escape character: \'                               no-useless-escape
   95:22   error  Unnecessary escape character: \"                               no-useless-escape
  100:28   error  Unnecessary escape character: \:                               no-useless-escape
  113:32   error  Unnecessary escape character: \>                               no-useless-escape
  114:142  error  Unnecessary escape character: \>                               no-useless-escape
  115:30   error  Unnecessary escape character: \>                               no-useless-escape
  468:22   error  Unnecessary escape character: \.                               no-useless-escape
  468:47   error  Unnecessary escape character: \.                               no-useless-escape
  495:17   error  'doc' is not defined                                           no-undef
  496:13   error  'doc' is not defined                                           no-undef

/Users/boutell/src/apostrophe/lib/modules/apostrophe-utils/lib/helpers.js
  283:8   error  Unreachable code             no-unreachable
  304:5   error  Duplicate key 'merge'        no-dupe-keys
  311:13  error  'result' is already defined  no-redeclare

/Users/boutell/src/apostrophe/lib/modules/apostrophe-versions/lib/api.js
  164:18  error  'i' is not defined                                             no-undef
  164:26  error  'i' is not defined                                             no-undef
  164:48  error  'i' is not defined                                             no-undef
  165:28  error  'i' is not defined                                             no-undef
  244:29  error  'changes' was used before it was defined                       no-use-before-define
  373:11  error  Split initialized 'var' declarations into multiple statements  one-var
  374:11  error  Split initialized 'var' declarations into multiple statements  one-var

/Users/boutell/src/apostrophe/lib/modules/apostrophe-versions/lib/routes.js
   2:5  error  '_' is assigned a value but never used. Allowed unused vars must match /apos/  no-unused-vars
  49:9  error  'doc' is defined but never used. Allowed unused vars must match /apos/         no-unused-vars

/Users/boutell/src/apostrophe/lib/modules/apostrophe-video-fields/index.js
  13:5  error  '_' is assigned a value but never used. Allowed unused vars must match /apos/      no-unused-vars
  14:5  error  'async' is assigned a value but never used. Allowed unused vars must match /apos/  no-unused-vars

/Users/boutell/src/apostrophe/lib/modules/apostrophe-video-fields/lib/schemaField.js
  1:5  error  '_' is assigned a value but never used. Allowed unused vars must match /apos/      no-unused-vars
  2:5  error  'async' is assigned a value but never used. Allowed unused vars must match /apos/  no-unused-vars

/Users/boutell/src/apostrophe/lib/modules/apostrophe-widgets/index.js
  122:64  error  Unnecessary escape character: \-  no-useless-escape

/Users/boutell/src/apostrophe/test-lib/test.js
  32:7   error  'collections' is not defined  no-undef
  35:31  error  'collections' is not defined  no-undef

/Users/boutell/src/apostrophe/test/admin-bar.js
  3:5  error  '_' is assigned a value but never used. Allowed unused vars must match /apos/  no-unused-vars

/Users/boutell/src/apostrophe/test/areas.js
    3:5  error  '_' is assigned a value but never used. Allowed unused vars must match /apos/  no-unused-vars
   87:8  error  Expected consistent spacing                                                    standard/object-curly-even-spacing
  104:8  error  Expected consistent spacing                                                    standard/object-curly-even-spacing

/Users/boutell/src/apostrophe/test/attachments.js
    3:5   error  '_' is assigned a value but never used. Allowed unused vars must match /apos/        no-unused-vars
    4:5   error  'Promise' is assigned a value but never used. Allowed unused vars must match /apos/  no-unused-vars
   70:20  error  Expected error to be handled                                                         handle-callback-err
   83:7   error  'request' is assigned a value but never used. Allowed unused vars must match /apos/  no-unused-vars
  271:17  error  'fd' is assigned a value but never used. Allowed unused vars must match /apos/       no-unused-vars

/Users/boutell/src/apostrophe/test/custom-pages.js
    3:5   error  '_' is assigned a value but never used. Allowed unused vars must match /apos/      no-unused-vars
    4:5   error  'async' is assigned a value but never used. Allowed unused vars must match /apos/  no-unused-vars
   42:20  error  Expected error to be handled                                                       handle-callback-err
  213:36  error  Unnecessary escape character: \-                                                   no-useless-escape
  224:36  error  Unnecessary escape character: \-                                                   no-useless-escape

/Users/boutell/src/apostrophe/test/email.js
   3:5   error  '_' is assigned a value but never used. Allowed unused vars must match /apos/      no-unused-vars
   4:5   error  'async' is assigned a value but never used. Allowed unused vars must match /apos/  no-unused-vars
  44:20  error  Expected error to be handled                                                       handle-callback-err
  68:41  error  Unnecessary escape character: \@                                                   no-useless-escape
  69:44  error  Unnecessary escape character: \@                                                   no-useless-escape
  70:37  error  Unnecessary escape character: \:                                                   no-useless-escape
  91:39  error  Unnecessary escape character: \@                                                   no-useless-escape
  92:42  error  Unnecessary escape character: \@                                                   no-useless-escape
  93:35  error  Unnecessary escape character: \:                                                   no-useless-escape

/Users/boutell/src/apostrophe/test/oembed.js
  4:5  error  '_' is assigned a value but never used. Allowed unused vars must match /apos/        no-unused-vars
  5:5  error  'async' is assigned a value but never used. Allowed unused vars must match /apos/    no-unused-vars
  6:5  error  'request' is assigned a value but never used. Allowed unused vars must match /apos/  no-unused-vars
  7:5  error  'qs' is assigned a value but never used. Allowed unused vars must match /apos/       no-unused-vars

/Users/boutell/src/apostrophe/test/permissions.js
  42:12  error  'find' is defined but never used. Allowed unused vars must match /apos/  no-unused-vars

/Users/boutell/src/apostrophe/test/pieces.js
    5:5   error  'request' is assigned a value but never used. Allowed unused vars must match /apos/  no-unused-vars
   57:20  error  Expected error to be handled                                                         handle-callback-err
  126:55  error  Expected error to be handled                                                         handle-callback-err
  290:28  error  Expected '===' and instead saw '=='                                                  eqeqeq
  291:28  error  Expected '===' and instead saw '=='                                                  eqeqeq
  292:27  error  Expected '===' and instead saw '=='                                                  eqeqeq
  293:36  error  Expected '===' and instead saw '=='                                                  eqeqeq
  444:32  error  Expected '===' and instead saw '=='                                                  eqeqeq
  445:31  error  Expected '===' and instead saw '=='                                                  eqeqeq
  446:32  error  Expected '===' and instead saw '=='                                                  eqeqeq
  447:40  error  Expected '===' and instead saw '=='                                                  eqeqeq

/Users/boutell/src/apostrophe/test/schemaFilters.js
    7:1   error  Split initialized 'var' declarations into multiple statements  one-var
  138:20  error  Expected error to be handled                                   handle-callback-err

/Users/boutell/src/apostrophe/test/schemas.js
    4:5   error  'async' is assigned a value but never used. Allowed unused vars must match /apos/  no-unused-vars
  232:20  error  Expected error to be handled                                                       handle-callback-err

✖ 394 problems (394 errors, 0 warnings)

